V3 3
FL "D:/Program Files (x86)/Atlassian/Proyectos/Mux3/Mux3.vhd" 2014/12/13.12:20:35 P.15xf
EN work/Mux3 1418469639 \
      FL "D:/Program Files (x86)/Atlassian/Proyectos/Mux3/Mux3.vhd" \
      PB ieee/std_logic_1164 1335251622
AR work/Mux3/Behavioral 1418469640 \
      FL "D:/Program Files (x86)/Atlassian/Proyectos/Mux3/Mux3.vhd" EN work/Mux3 1418469639
